Fatal error: exception Failure("Other dot methods are not currently implemented")
