Fatal error: exception Failure("invariant 'other' does not exist")
