assignment we are averaging is assignment with name: 
hello_world
we will now find the average score
The average score for assignment is: 
81
