graph <int> sometraversal(graph <int> arg1) 
{
graph <int> g;
node<int> n1;
g.addNode(n1);
return g;
}
graph <int> myGraph;
node<int> n2;
myGraph.addNode(n2);
