graph <int> sometraversal(graph <int> somevar) 
{
graph <int> pants;
return pants;
}
