; ModuleID = 'Graphite'
source_filename = "Graphite"

@i = global i32 2

define void @main() {
entry:
  store i32 2, i32* @i, align 4
  ret void
}
