1
<<<<<<< HEAD
1
1.1
one
=======
B
1.1
"one"
>>>>>>> ffd804af92cdea6e43abb3422e0e3f519bb7972f
