; ModuleID = 'Graphite'
source_filename = "Graphite"

@fmt = private unnamed_addr constant [4 x i8] c"%d\0A\00", align 1
@0 = private unnamed_addr constant [6 x i8] c"\22abc\22\00", align 1
@fmt.1 = private unnamed_addr constant [4 x i8] c"%s\0A\00", align 1
@fmt.2 = private unnamed_addr constant [4 x i8] c"%g\0A\00", align 1
@fmt.3 = private unnamed_addr constant [4 x i8] c"%B\0A\00", align 1

declare i32 @printf(i8*, ...)

define i32 @main() {
entry:
  %a = alloca i32, align 4
  store i32 1, i32* %a, align 4
  %a1 = load i32, i32* %a, align 4
  %printf = call i32 (i8*, ...) @printf(i8* getelementptr inbounds ([4 x i8], [4 x i8]* @fmt, i32 0, i32 0), i32 %a1)
  %b = alloca i8*, align 8
  store i8* getelementptr inbounds ([6 x i8], [6 x i8]* @0, i32 0, i32 0), i8** %b, align 8
  %b2 = load i8*, i8** %b, align 8
  %printf3 = call i32 (i8*, ...) @printf(i8* getelementptr inbounds ([4 x i8], [4 x i8]* @fmt.1, i32 0, i32 0), i8* %b2)
  %c = alloca double, align 8
  store double 0x3FF1C71C53F39D1B, double* %c, align 8
  %c4 = load double, double* %c, align 8
  %printf5 = call i32 (i8*, ...) @printf(i8* getelementptr inbounds ([4 x i8], [4 x i8]* @fmt.2, i32 0, i32 0), double %c4)
  %d = alloca i1, align 1
  store i1 false, i1* %d, align 1
  %d6 = load i1, i1* %d, align 1
  %printf7 = call i32 (i8*, ...) @printf(i8* getelementptr inbounds ([4 x i8], [4 x i8]* @fmt.3, i32 0, i32 0), i1 %d6)
  ret i32 0
}
