1
<<<<<<< HEAD
abc
1.11111
0
=======
"abc"
1.11111
B
>>>>>>> ffd804af92cdea6e43abb3422e0e3f519bb7972f
