3
6
9.9
4.95
<<<<<<< HEAD
1
1
1
1
=======
B
B
B
B
>>>>>>> ffd804af92cdea6e43abb3422e0e3f519bb7972f
