1
2.2
<<<<<<< HEAD
0
=======
B
>>>>>>> ffd804af92cdea6e43abb3422e0e3f519bb7972f
2.2
1
