Fatal error: exception Failure("node typecheck failed")
