3.1415
three point one four one five
3
1
10
73896
10285117
1
