sodas
<<<<<<< HEAD
cocacola
bepis
diet mountain dew
=======
"cocacola"
"bepis"
"diet mountain dew"
>>>>>>> ffd804af92cdea6e43abb3422e0e3f519bb7972f
