int main() 
{
    int a;
    int b;
    string abcd;
    a = 2;
    abcd = "thisisastring";
    b = 2;
    return 0

}
