edge testEdge(node n1, node n2) 
{
node temp;
n1.name = Spongebob;
n1.value = 3;
n1.flag = 3 > 3;
return n1 -> n2;
}
node testNode(edge e) 
{
node temp;
return temp;
}
