graph <tree, connected> sometraversal(graph <flag1, flag3> somevar) 
{
graph <tree, blah> pants;
return pants;
}
