int main() 
{
int b;
b = 7;
if (10 == 2) {
if (b > 10) {
b = 3;
}
}
else {
b = 3;
}
}
