int main() 
{
    node a;
    a.flag = true;;
    a.value = 2;;

}
