int main() 
{
struct TypeName = {
bool crab;
int krusty;
};
}
