69
69
lenght of list of edges: 
3
total weight of edges of n in g 
4
