your number is too big
your number is too small
your number is 4!!!!!
1
