1
5
5
7
0
7
I really hope this works
if only grammatical symbols were allowed in strings in our language lol this has no personality
1
